
> wev@1.0.0 test:e2e
> npm run test:e2e --prefix e2e


> e2e@1.0.0 test:e2e
> playwright test

▶ Playwright Config: Loading...
▶ Playwright Config: testDir = /Users/ryanbuckley/code/wev/e2e/tests
[2m[WebServer] [22m
[2m[WebServer] [22m> bulletin@0.1.0 build
[2m[WebServer] [22m> next build
[2m[WebServer] [22m
[2m[WebServer] [22m[33m[1m⚠[22m[39m `eslint` configuration in next.config.mjs is no longer supported. See more info here: https://nextjs.org/docs/app/api-reference/cli/next#next-lint-options
[2m[WebServer] [22m[33m[1m⚠[22m[39m Invalid next.config.mjs options detected: 
[2m[WebServer] [22m[33m[1m⚠[22m[39m     Unrecognized key(s) in object: 'eslint'
[2m[WebServer] [22m[33m[1m⚠[22m[39m See more info here: https://nextjs.org/docs/messages/invalid-next-config
[2m[WebServer] [22m[1m[38;2;173;127;168m▲ Next.js 16.2.3[39m[22m (Turbopack)
[2m[WebServer] [22m- Experiments (use with caution):
[2m[WebServer] [22m  [1m✓[22m externalDir
[2m[WebServer] [22m
[2m[WebServer] [22m[33m[1m⚠[22m[39m The "middleware" file convention is deprecated. Please use "proxy" instead. Learn more: https://nextjs.org/docs/messages/middleware-to-proxy
[2m[WebServer] [22m[37m[1m [22m[39m Creating an optimized production build ...
[2m[WebServer] [22m[32m[1m✓[22m[39m Compiled successfully in 5.4s
[2m[WebServer] [22m[37m[1m [22m[39m Running TypeScript ...
[2m[WebServer] [22m[37m[1m [22m[39m Finished TypeScript in 4.8s ...
[2m[WebServer] [22m[37m[1m [22m[39m Collecting page data using 7 workers ...
[2m[WebServer] [22m[37m[1m [22m[39m Generating static pages using 7 workers (0/8) ...
[2m[WebServer] [22m[37m[1m [22m[39m Generating static pages using 7 workers (2/8) 
[2m[WebServer] [22m[37m[1m [22m[39m Generating static pages using 7 workers (4/8) 
[2m[WebServer] [22m[37m[1m [22m[39m Generating static pages using 7 workers (6/8) 
[2m[WebServer] [22m[32m[1m✓[22m[39m Generating static pages using 7 workers (8/8) in 73ms
[2m[WebServer] [22m[37m[1m [22m[39m Finalizing page optimization ...
[2m[WebServer] [22m
[2m[WebServer] [22m[4mRoute (app)[24m
[2m[WebServer] [22m┌ ƒ /_not-found
[2m[WebServer] [22m├ ƒ /[locale]
[2m[WebServer] [22m├ ƒ /[locale]/account-settings
[2m[WebServer] [22m├ ƒ /[locale]/bookmarks
[2m[WebServer] [22m├ ƒ /[locale]/emplois
[2m[WebServer] [22m├ ƒ /[locale]/forgot-password
[2m[WebServer] [22m├ ƒ /[locale]/jobs
[2m[WebServer] [22m├ ƒ /[locale]/login
[2m[WebServer] [22m├ ƒ /[locale]/profile
[2m[WebServer] [22m├ ƒ /[locale]/reset-password
[2m[WebServer] [22m├ ƒ /[locale]/signup
[2m[WebServer] [22m├ ƒ /[locale]/style-guide
[2m[WebServer] [22m├ ƒ /api/account
[2m[WebServer] [22m├ ƒ /api/account/delete
[2m[WebServer] [22m├ ƒ /api/auth/roles
[2m[WebServer] [22m├ ƒ /api/bookmarks
[2m[WebServer] [22m├ ƒ /api/bulletin
[2m[WebServer] [22m├ ƒ /api/bulletin/jobs/[id]
[2m[WebServer] [22m├ ƒ /api/github/status
[2m[WebServer] [22m├ ƒ /api/github/workflow
[2m[WebServer] [22m├ ƒ /api/locations/search
[2m[WebServer] [22m├ ƒ /api/matches/calculate-job
[2m[WebServer] [22m├ ƒ /api/matches/calculate-user
[2m[WebServer] [22m├ ƒ /api/matches/recalculate-mine
[2m[WebServer] [22m├ ƒ /api/revalidate-jobs
[2m[WebServer] [22m├ ƒ /api/skills/all
[2m[WebServer] [22m├ ƒ /api/skills/by-uri
[2m[WebServer] [22m├ ƒ /api/skills/revalidate
[2m[WebServer] [22m├ ƒ /api/skills/search
[2m[WebServer] [22m├ ƒ /auth/auth-code-error
[2m[WebServer] [22m├ ƒ /auth/callback
[2m[WebServer] [22m├ ƒ /auth/signout
[2m[WebServer] [22m├ ○ /robots.txt
[2m[WebServer] [22m└ ○ /sitemap.xml
[2m[WebServer] [22m
[2m[WebServer] [22m
[2m[WebServer] [22mƒ Proxy (Middleware)
[2m[WebServer] [22m
[2m[WebServer] [22m○  (Static)   prerendered as static content
[2m[WebServer] [22mƒ  (Dynamic)  server-rendered on demand
[2m[WebServer] [22m
[2m[WebServer] [22m
[2m[WebServer] [22m> bulletin@0.1.0 start
[2m[WebServer] [22m> next start
[2m[WebServer] [22m
[2m[WebServer] [22m[1m[38;2;173;127;168m▲ Next.js 16.2.3[39m[22m
[2m[WebServer] [22m- Local:         http://localhost:3100
[2m[WebServer] [22m- Network:       http://192.168.0.13:3100
[2m[WebServer] [22m[32m[1m✓[22m[39m Ready in 74ms
[2m[WebServer] [22m[33m[1m⚠[22m[39m `eslint` configuration in next.config.mjs is no longer supported. See more info here: https://nextjs.org/docs/app/api-reference/cli/next#next-lint-options
[2m[WebServer] [22m[33m[1m⚠[22m[39m Invalid next.config.mjs options detected: 
[2m[WebServer] [22m[33m[1m⚠[22m[39m     Unrecognized key(s) in object: 'eslint'
[2m[WebServer] [22m[33m[1m⚠[22m[39m See more info here: https://nextjs.org/docs/messages/invalid-next-config
▶ E2E Global Setup: Initializing test environment...
▶ Seeding test database: http://localhost:54321
▶ Seeding esco_skills from /Users/ryanbuckley/code/wev/supabase/seed/esco_skills_index.json (9733 skills)
✅ Seeded esco_skills.
✅ E2E Global Setup: Database seeded successfully.
▶ Revalidating Next.js job cache at http://localhost:3100...
✅ E2E Global Setup: Next.js cache revalidated.
(node:35297) [DEP0040] DeprecationWarning: The `punycode` module is deprecated. Please use a userland alternative instead.
(Use `node --trace-deprecation ...` to show where the warning was created)

Running 31 tests using 4 workers

▶ Playwright Config: Loading...
▶ Playwright Config: testDir = /Users/ryanbuckley/code/wev/e2e/tests
▶ Playwright Config: Loading...
▶ Playwright Config: testDir = /Users/ryanbuckley/code/wev/e2e/tests
▶ Playwright Config: Loading...
▶ Playwright Config: testDir = /Users/ryanbuckley/code/wev/e2e/tests
▶ Playwright Config: Loading...
▶ Playwright Config: testDir = /Users/ryanbuckley/code/wev/e2e/tests
(node:35410) [DEP0040] DeprecationWarning: The `punycode` module is deprecated. Please use a userland alternative instead.
(Use `node --trace-deprecation ...` to show where the warning was created)
(node:35407) [DEP0040] DeprecationWarning: The `punycode` module is deprecated. Please use a userland alternative instead.
(Use `node --trace-deprecation ...` to show where the warning was created)
(node:35408) [DEP0040] DeprecationWarning: The `punycode` module is deprecated. Please use a userland alternative instead.
(Use `node --trace-deprecation ...` to show where the warning was created)
(node:35409) [DEP0040] DeprecationWarning: The `punycode` module is deprecated. Please use a userland alternative instead.
(Use `node --trace-deprecation ...` to show where the warning was created)
[2m[WebServer] [22mUsing the user object as returned from supabase.auth.getSession() or from some supabase.auth.onAuthStateChange() events could be insecure! This value comes directly from the storage medium (usually cookies on the server) and may not be authentic. Use supabase.auth.getUser() instead which authenticates the data by contacting the Supabase Auth server.
[2m[WebServer] [22mUsing the user object as returned from supabase.auth.getSession() or from some supabase.auth.onAuthStateChange() events could be insecure! This value comes directly from the storage medium (usually cookies on the server) and may not be authentic. Use supabase.auth.getUser() instead which authenticates the data by contacting the Supabase Auth server.
[2m[WebServer] [22mUsing the user object as returned from supabase.auth.getSession() or from some supabase.auth.onAuthStateChange() events could be insecure! This value comes directly from the storage medium (usually cookies on the server) and may not be authentic. Use supabase.auth.getUser() instead which authenticates the data by contacting the Supabase Auth server.
[2m[WebServer] [22mUsing the user object as returned from supabase.auth.getSession() or from some supabase.auth.onAuthStateChange() events could be insecure! This value comes directly from the storage medium (usually cookies on the server) and may not be authentic. Use supabase.auth.getUser() instead which authenticates the data by contacting the Supabase Auth server.
[2m[WebServer] [22mUsing the user object as returned from supabase.auth.getSession() or from some supabase.auth.onAuthStateChange() events could be insecure! This value comes directly from the storage medium (usually cookies on the server) and may not be authentic. Use supabase.auth.getUser() instead which authenticates the data by contacting the Supabase Auth server.
[2m[WebServer] [22mUsing the user object as returned from supabase.auth.getSession() or from some supabase.auth.onAuthStateChange() events could be insecure! This value comes directly from the storage medium (usually cookies on the server) and may not be authentic. Use supabase.auth.getUser() instead which authenticates the data by contacting the Supabase Auth server.
[2m[WebServer] [22m{"level":30,"time":1776807927391,"pid":35404,"hostname":"Ryans-MacBook-Air.local","name":"wev-bulletin","userId":"31c3d55a-65d2-4319-9ed1-e80684a45f20","at":"2026-04-21T21:45:27.390Z","msg":"Account deleted"}
[2m[WebServer] [22mUsing the user object as returned from supabase.auth.getSession() or from some supabase.auth.onAuthStateChange() events could be insecure! This value comes directly from the storage medium (usually cookies on the server) and may not be authentic. Use supabase.auth.getUser() instead which authenticates the data by contacting the Supabase Auth server.
[2m[WebServer] [22mUsing the user object as returned from supabase.auth.getSession() or from some supabase.auth.onAuthStateChange() events could be insecure! This value comes directly from the storage medium (usually cookies on the server) and may not be authentic. Use supabase.auth.getUser() instead which authenticates the data by contacting the Supabase Auth server.
[2m[WebServer] [22mUsing the user object as returned from supabase.auth.getSession() or from some supabase.auth.onAuthStateChange() events could be insecure! This value comes directly from the storage medium (usually cookies on the server) and may not be authentic. Use supabase.auth.getUser() instead which authenticates the data by contacting the Supabase Auth server.
  ✓   1 [chromium] › tests/auth/signup.spec.ts:13:7 › Signup flow @auth-email › creates account and confirms email (9.8s)
[2m[WebServer] [22mUsing the user object as returned from supabase.auth.getSession() or from some supabase.auth.onAuthStateChange() events could be insecure! This value comes directly from the storage medium (usually cookies on the server) and may not be authentic. Use supabase.auth.getUser() instead which authenticates the data by contacting the Supabase Auth server.
[2m[WebServer] [22mUsing the user object as returned from supabase.auth.getSession() or from some supabase.auth.onAuthStateChange() events could be insecure! This value comes directly from the storage medium (usually cookies on the server) and may not be authentic. Use supabase.auth.getUser() instead which authenticates the data by contacting the Supabase Auth server.
[2m[WebServer] [22mUsing the user object as returned from supabase.auth.getSession() or from some supabase.auth.onAuthStateChange() events could be insecure! This value comes directly from the storage medium (usually cookies on the server) and may not be authentic. Use supabase.auth.getUser() instead which authenticates the data by contacting the Supabase Auth server.
[2m[WebServer] [22mUsing the user object as returned from supabase.auth.getSession() or from some supabase.auth.onAuthStateChange() events could be insecure! This value comes directly from the storage medium (usually cookies on the server) and may not be authentic. Use supabase.auth.getUser() instead which authenticates the data by contacting the Supabase Auth server.
[2m[WebServer] [22mUsing the user object as returned from supabase.auth.getSession() or from some supabase.auth.onAuthStateChange() events could be insecure! This value comes directly from the storage medium (usually cookies on the server) and may not be authentic. Use supabase.auth.getUser() instead which authenticates the data by contacting the Supabase Auth server.
[2m[WebServer] [22mUsing the user object as returned from supabase.auth.getSession() or from some supabase.auth.onAuthStateChange() events could be insecure! This value comes directly from the storage medium (usually cookies on the server) and may not be authentic. Use supabase.auth.getUser() instead which authenticates the data by contacting the Supabase Auth server.
[2m[WebServer] [22mUsing the user object as returned from supabase.auth.getSession() or from some supabase.auth.onAuthStateChange() events could be insecure! This value comes directly from the storage medium (usually cookies on the server) and may not be authentic. Use supabase.auth.getUser() instead which authenticates the data by contacting the Supabase Auth server.
[2m[WebServer] [22mUsing the user object as returned from supabase.auth.getSession() or from some supabase.auth.onAuthStateChange() events could be insecure! This value comes directly from the storage medium (usually cookies on the server) and may not be authentic. Use supabase.auth.getUser() instead which authenticates the data by contacting the Supabase Auth server.
[2m[WebServer] [22mUsing the user object as returned from supabase.auth.getSession() or from some supabase.auth.onAuthStateChange() events could be insecure! This value comes directly from the storage medium (usually cookies on the server) and may not be authentic. Use supabase.auth.getUser() instead which authenticates the data by contacting the Supabase Auth server.
  ✓   4 [chromium] › tests/auth/account-deletion.spec.ts:14:7 › Account deletion flow @auth-email › deletes account successfully (16.4s)
  ✓   5 [chromium] › tests/auth/signup.spec.ts:37:7 › Signup flow @auth-email › does not reveal account existence for duplicate email (8.9s)
[2m[WebServer] [22mUsing the user object as returned from supabase.auth.getSession() or from some supabase.auth.onAuthStateChange() events could be insecure! This value comes directly from the storage medium (usually cookies on the server) and may not be authentic. Use supabase.auth.getUser() instead which authenticates the data by contacting the Supabase Auth server.
[2m[WebServer] [22mUsing the user object as returned from supabase.auth.getSession() or from some supabase.auth.onAuthStateChange() events could be insecure! This value comes directly from the storage medium (usually cookies on the server) and may not be authentic. Use supabase.auth.getUser() instead which authenticates the data by contacting the Supabase Auth server.
[2m[WebServer] [22mUsing the user object as returned from supabase.auth.getSession() or from some supabase.auth.onAuthStateChange() events could be insecure! This value comes directly from the storage medium (usually cookies on the server) and may not be authentic. Use supabase.auth.getUser() instead which authenticates the data by contacting the Supabase Auth server.
[2m[WebServer] [22mUsing the user object as returned from supabase.auth.getSession() or from some supabase.auth.onAuthStateChange() events could be insecure! This value comes directly from the storage medium (usually cookies on the server) and may not be authentic. Use supabase.auth.getUser() instead which authenticates the data by contacting the Supabase Auth server.
[2m[WebServer] [22mUsing the user object as returned from supabase.auth.getSession() or from some supabase.auth.onAuthStateChange() events could be insecure! This value comes directly from the storage medium (usually cookies on the server) and may not be authentic. Use supabase.auth.getUser() instead which authenticates the data by contacting the Supabase Auth server.
[2m[WebServer] [22mUsing the user object as returned from supabase.auth.getSession() or from some supabase.auth.onAuthStateChange() events could be insecure! This value comes directly from the storage medium (usually cookies on the server) and may not be authentic. Use supabase.auth.getUser() instead which authenticates the data by contacting the Supabase Auth server.
[2m[WebServer] [22mUsing the user object as returned from supabase.auth.getSession() or from some supabase.auth.onAuthStateChange() events could be insecure! This value comes directly from the storage medium (usually cookies on the server) and may not be authentic. Use supabase.auth.getUser() instead which authenticates the data by contacting the Supabase Auth server.
  ✓   2 [chromium] › tests/auth/change-password.spec.ts:15:7 › Change password flow @auth-email › keeps session after password change and requires new password (21.7s)
  ✓   6 [chromium] › tests/auth/account-deletion.spec.ts:45:7 › Account deletion flow @auth-email › requires correct password for deletion (5.5s)
  ✓   8 [chromium] › tests/job-board.spec.ts:58:7 › Job board › loads the English job board with seeded jobs (547ms)
  ✓  10 [chromium] › tests/job-board.spec.ts:73:7 › Job board › switches locales without losing repeated query params (824ms)
[2m[WebServer] [22mUsing the user object as returned from supabase.auth.getSession() or from some supabase.auth.onAuthStateChange() events could be insecure! This value comes directly from the storage medium (usually cookies on the server) and may not be authentic. Use supabase.auth.getUser() instead which authenticates the data by contacting the Supabase Auth server.
[2m[WebServer] [22mUsing the user object as returned from supabase.auth.getSession() or from some supabase.auth.onAuthStateChange() events could be insecure! This value comes directly from the storage medium (usually cookies on the server) and may not be authentic. Use supabase.auth.getUser() instead which authenticates the data by contacting the Supabase Auth server.
[2m[WebServer] [22mUsing the user object as returned from supabase.auth.getSession() or from some supabase.auth.onAuthStateChange() events could be insecure! This value comes directly from the storage medium (usually cookies on the server) and may not be authentic. Use supabase.auth.getUser() instead which authenticates the data by contacting the Supabase Auth server.
[2m[WebServer] [22mUsing the user object as returned from supabase.auth.getSession() or from some supabase.auth.onAuthStateChange() events could be insecure! This value comes directly from the storage medium (usually cookies on the server) and may not be authentic. Use supabase.auth.getUser() instead which authenticates the data by contacting the Supabase Auth server.
[2m[WebServer] [22mUsing the user object as returned from supabase.auth.getSession() or from some supabase.auth.onAuthStateChange() events could be insecure! This value comes directly from the storage medium (usually cookies on the server) and may not be authentic. Use supabase.auth.getUser() instead which authenticates the data by contacting the Supabase Auth server.
[2m[WebServer] [22mUsing the user object as returned from supabase.auth.getSession() or from some supabase.auth.onAuthStateChange() events could be insecure! This value comes directly from the storage medium (usually cookies on the server) and may not be authentic. Use supabase.auth.getUser() instead which authenticates the data by contacting the Supabase Auth server.
  ✓  11 [chromium] › tests/job-board.spec.ts:95:7 › Job board › search narrows the list to a matching seeded job (1.5s)
  ✓   3 [chromium] › tests/auth/password-reset.spec.ts:16:7 › Password reset flow @auth-email › resets password successfully (24.9s)
  ✓  13 [chromium] › tests/auth/password-reset.spec.ts:43:7 › Password reset flow @auth-email › handles invalid reset link gracefully (404ms)
  ✓  12 [chromium] › tests/job-board.spec.ts:110:7 › Job board › shows the empty state when search removes every job (783ms)
[2m[WebServer] [22mUsing the user object as returned from supabase.auth.getSession() or from some supabase.auth.onAuthStateChange() events could be insecure! This value comes directly from the storage medium (usually cookies on the server) and may not be authentic. Use supabase.auth.getUser() instead which authenticates the data by contacting the Supabase Auth server.
  ✓  15 [chromium] › tests/job-board.spec.ts:126:7 › Job board › paginates through the seeded dataset (1.2s)
[2m[WebServer] [22mUsing the user object as returned from supabase.auth.getSession() or from some supabase.auth.onAuthStateChange() events could be insecure! This value comes directly from the storage medium (usually cookies on the server) and may not be authentic. Use supabase.auth.getUser() instead which authenticates the data by contacting the Supabase Auth server.
[2m[WebServer] [22mUsing the user object as returned from supabase.auth.getSession() or from some supabase.auth.onAuthStateChange() events could be insecure! This value comes directly from the storage medium (usually cookies on the server) and may not be authentic. Use supabase.auth.getUser() instead which authenticates the data by contacting the Supabase Auth server.
[2m[WebServer] [22mUsing the user object as returned from supabase.auth.getSession() or from some supabase.auth.onAuthStateChange() events could be insecure! This value comes directly from the storage medium (usually cookies on the server) and may not be authentic. Use supabase.auth.getUser() instead which authenticates the data by contacting the Supabase Auth server.
[2m[WebServer] [22mUsing the user object as returned from supabase.auth.getSession() or from some supabase.auth.onAuthStateChange() events could be insecure! This value comes directly from the storage medium (usually cookies on the server) and may not be authentic. Use supabase.auth.getUser() instead which authenticates the data by contacting the Supabase Auth server.
[2m[WebServer] [22mUsing the user object as returned from supabase.auth.getSession() or from some supabase.auth.onAuthStateChange() events could be insecure! This value comes directly from the storage medium (usually cookies on the server) and may not be authentic. Use supabase.auth.getUser() instead which authenticates the data by contacting the Supabase Auth server.
[2m[WebServer] [22mUsing the user object as returned from supabase.auth.getSession() or from some supabase.auth.onAuthStateChange() events could be insecure! This value comes directly from the storage medium (usually cookies on the server) and may not be authentic. Use supabase.auth.getUser() instead which authenticates the data by contacting the Supabase Auth server.
  ✓  16 [chromium] › tests/job-board.spec.ts:148:7 › Job board › filters to jobs posted within one week (1.7s)
[2m[WebServer] [22mUsing the user object as returned from supabase.auth.getSession() or from some supabase.auth.onAuthStateChange() events could be insecure! This value comes directly from the storage medium (usually cookies on the server) and may not be authentic. Use supabase.auth.getUser() instead which authenticates the data by contacting the Supabase Auth server.
[2m[WebServer] [22mUsing the user object as returned from supabase.auth.getSession() or from some supabase.auth.onAuthStateChange() events could be insecure! This value comes directly from the storage medium (usually cookies on the server) and may not be authentic. Use supabase.auth.getUser() instead which authenticates the data by contacting the Supabase Auth server.
[2m[WebServer] [22mUsing the user object as returned from supabase.auth.getSession() or from some supabase.auth.onAuthStateChange() events could be insecure! This value comes directly from the storage medium (usually cookies on the server) and may not be authentic. Use supabase.auth.getUser() instead which authenticates the data by contacting the Supabase Auth server.
[2m[WebServer] [22mUsing the user object as returned from supabase.auth.getSession() or from some supabase.auth.onAuthStateChange() events could be insecure! This value comes directly from the storage medium (usually cookies on the server) and may not be authentic. Use supabase.auth.getUser() instead which authenticates the data by contacting the Supabase Auth server.
[2m[WebServer] [22mUsing the user object as returned from supabase.auth.getSession() or from some supabase.auth.onAuthStateChange() events could be insecure! This value comes directly from the storage medium (usually cookies on the server) and may not be authentic. Use supabase.auth.getUser() instead which authenticates the data by contacting the Supabase Auth server.
  ✓   9 [chromium] › tests/mutating/bookmarks.spec.ts:7:7 › Bookmarks flow › bookmarks from job board and shows it on bookmarks page (7.4s)
[2m[WebServer] [22mUsing the user object as returned from supabase.auth.getSession() or from some supabase.auth.onAuthStateChange() events could be insecure! This value comes directly from the storage medium (usually cookies on the server) and may not be authentic. Use supabase.auth.getUser() instead which authenticates the data by contacting the Supabase Auth server.
  ✓  17 [chromium] › tests/job-board.spec.ts:168:9 › Job board › filters by work type: Remote (2.0s)
  ✓  19 [chromium] › tests/job-board.spec.ts:168:9 › Job board › filters by work type: Hybrid (1.0s)
[2m[WebServer] [22mUsing the user object as returned from supabase.auth.getSession() or from some supabase.auth.onAuthStateChange() events could be insecure! This value comes directly from the storage medium (usually cookies on the server) and may not be authentic. Use supabase.auth.getUser() instead which authenticates the data by contacting the Supabase Auth server.
[2m[WebServer] [22mUsing the user object as returned from supabase.auth.getSession() or from some supabase.auth.onAuthStateChange() events could be insecure! This value comes directly from the storage medium (usually cookies on the server) and may not be authentic. Use supabase.auth.getUser() instead which authenticates the data by contacting the Supabase Auth server.
[2m[WebServer] [22mUsing the user object as returned from supabase.auth.getSession() or from some supabase.auth.onAuthStateChange() events could be insecure! This value comes directly from the storage medium (usually cookies on the server) and may not be authentic. Use supabase.auth.getUser() instead which authenticates the data by contacting the Supabase Auth server.
[2m[WebServer] [22mUsing the user object as returned from supabase.auth.getSession() or from some supabase.auth.onAuthStateChange() events could be insecure! This value comes directly from the storage medium (usually cookies on the server) and may not be authentic. Use supabase.auth.getUser() instead which authenticates the data by contacting the Supabase Auth server.
  ✓  20 [chromium] › tests/job-board.spec.ts:168:9 › Job board › filters by work type: Office (1.3s)
[2m[WebServer] [22mUsing the user object as returned from supabase.auth.getSession() or from some supabase.auth.onAuthStateChange() events could be insecure! This value comes directly from the storage medium (usually cookies on the server) and may not be authentic. Use supabase.auth.getUser() instead which authenticates the data by contacting the Supabase Auth server.
[2m[WebServer] [22mUsing the user object as returned from supabase.auth.getSession() or from some supabase.auth.onAuthStateChange() events could be insecure! This value comes directly from the storage medium (usually cookies on the server) and may not be authentic. Use supabase.auth.getUser() instead which authenticates the data by contacting the Supabase Auth server.
[2m[WebServer] [22mUsing the user object as returned from supabase.auth.getSession() or from some supabase.auth.onAuthStateChange() events could be insecure! This value comes directly from the storage medium (usually cookies on the server) and may not be authentic. Use supabase.auth.getUser() instead which authenticates the data by contacting the Supabase Auth server.
[2m[WebServer] [22mUsing the user object as returned from supabase.auth.getSession() or from some supabase.auth.onAuthStateChange() events could be insecure! This value comes directly from the storage medium (usually cookies on the server) and may not be authentic. Use supabase.auth.getUser() instead which authenticates the data by contacting the Supabase Auth server.
[2m[WebServer] [22mUsing the user object as returned from supabase.auth.getSession() or from some supabase.auth.onAuthStateChange() events could be insecure! This value comes directly from the storage medium (usually cookies on the server) and may not be authentic. Use supabase.auth.getUser() instead which authenticates the data by contacting the Supabase Auth server.
  ✓  21 [chromium] › tests/job-board.spec.ts:187:9 › Job board › filters by source: Centre for Social Innovation (2.6s)
[2m[WebServer] [22mUsing the user object as returned from supabase.auth.getSession() or from some supabase.auth.onAuthStateChange() events could be insecure! This value comes directly from the storage medium (usually cookies on the server) and may not be authentic. Use supabase.auth.getUser() instead which authenticates the data by contacting the Supabase Auth server.
  ✓  22 [chromium] › tests/job-board.spec.ts:187:9 › Job board › filters by source: GoodWork (4.5s)
[2m[WebServer] [22mUsing the user object as returned from supabase.auth.getSession() or from some supabase.auth.onAuthStateChange() events could be insecure! This value comes directly from the storage medium (usually cookies on the server) and may not be authentic. Use supabase.auth.getUser() instead which authenticates the data by contacting the Supabase Auth server.
[2m[WebServer] [22mUsing the user object as returned from supabase.auth.getSession() or from some supabase.auth.onAuthStateChange() events could be insecure! This value comes directly from the storage medium (usually cookies on the server) and may not be authentic. Use supabase.auth.getUser() instead which authenticates the data by contacting the Supabase Auth server.
[2m[WebServer] [22mUsing the user object as returned from supabase.auth.getSession() or from some supabase.auth.onAuthStateChange() events could be insecure! This value comes directly from the storage medium (usually cookies on the server) and may not be authentic. Use supabase.auth.getUser() instead which authenticates the data by contacting the Supabase Auth server.
[2m[WebServer] [22mUsing the user object as returned from supabase.auth.getSession() or from some supabase.auth.onAuthStateChange() events could be insecure! This value comes directly from the storage medium (usually cookies on the server) and may not be authentic. Use supabase.auth.getUser() instead which authenticates the data by contacting the Supabase Auth server.
  ✓  23 [chromium] › tests/job-board.spec.ts:187:9 › Job board › filters by source: Centraide (4.1s)
[2m[WebServer] [22mUsing the user object as returned from supabase.auth.getSession() or from some supabase.auth.onAuthStateChange() events could be insecure! This value comes directly from the storage medium (usually cookies on the server) and may not be authentic. Use supabase.auth.getUser() instead which authenticates the data by contacting the Supabase Auth server.
[2m[WebServer] [22mUsing the user object as returned from supabase.auth.getSession() or from some supabase.auth.onAuthStateChange() events could be insecure! This value comes directly from the storage medium (usually cookies on the server) and may not be authentic. Use supabase.auth.getUser() instead which authenticates the data by contacting the Supabase Auth server.
[2m[WebServer] [22mUsing the user object as returned from supabase.auth.getSession() or from some supabase.auth.onAuthStateChange() events could be insecure! This value comes directly from the storage medium (usually cookies on the server) and may not be authentic. Use supabase.auth.getUser() instead which authenticates the data by contacting the Supabase Auth server.
[2m[WebServer] [22mUsing the user object as returned from supabase.auth.getSession() or from some supabase.auth.onAuthStateChange() events could be insecure! This value comes directly from the storage medium (usually cookies on the server) and may not be authentic. Use supabase.auth.getUser() instead which authenticates the data by contacting the Supabase Auth server.
[2m[WebServer] [22m{"level":30,"time":1776807965053,"pid":35404,"hostname":"Ryans-MacBook-Air.local","name":"wev-bulletin","userId":"1f031d86-a5e2-4469-839f-7a5346cff3b9","at":"2026-04-21T21:46:05.051Z","msg":"Account deleted"}
  ✓  14 [chromium] › tests/mutating/matching.spec.ts:12:7 › Matching + job card interactions › shows match UI and allows expanding/scrolling job-card pills (22.5s)
[2m[WebServer] [22mUsing the user object as returned from supabase.auth.getSession() or from some supabase.auth.onAuthStateChange() events could be insecure! This value comes directly from the storage medium (usually cookies on the server) and may not be authentic. Use supabase.auth.getUser() instead which authenticates the data by contacting the Supabase Auth server.
  ✓  18 [chromium] › tests/mutating/profile.spec.ts:6:7 › Profile editing flow › enforces skills/values limits and persists ordering (20.9s)
  ✘  24 [chromium] › tests/job-board.spec.ts:205:7 › Job board › filters by organization (7.8s)
  ✓   7 [chromium] › tests/auth-email.spec.ts:17:7 › Auth email flows @auth-email › signup, confirm email, login, reset password, and delete account (33.4s)
▶ Playwright Config: Loading...
▶ Playwright Config: testDir = /Users/ryanbuckley/code/wev/e2e/tests
  ✓  25 [chromium] › tests/job-board.spec.ts:222:9 › Job board › filters by employment type: full-time (894ms)
  ✓  26 [chromium] › tests/job-board.spec.ts:222:9 › Job board › filters by employment type: contract (849ms)
  ✓  27 [chromium] › tests/job-board.spec.ts:241:9 › Job board › filters by province: ON (846ms)
  ✓  28 [chromium] › tests/job-board.spec.ts:241:9 › Job board › filters by province: QC (802ms)
  ✓  29 [chromium] › tests/job-board.spec.ts:259:7 › Job board › filters by municipality (560ms)
  ✓  30 [chromium] › tests/job-board.spec.ts:274:7 › Job board › hides salaryless jobs when salary filtering is disabled (1.1s)
  ✓  31 [chromium] › tests/job-board.spec.ts:297:7 › Job board › reveals non-SSE jobs when the SSE-only filter is disabled (1.1s)


  1) [chromium] › tests/job-board.spec.ts:205:7 › Job board › filters by organization ──────────────

    Error: [2mexpect([22m[31mlocator[39m[2m).[22mtoBeVisible[2m([22m[2m)[22m failed

    Locator: getByRole('heading', { level: 1 })
    Expected: visible
    Timeout: 5000ms
    Error: element(s) not found

    Call log:
    [2m  - Expect "toBeVisible" with timeout 5000ms[22m
    [2m  - waiting for getByRole('heading', { level: 1 })[22m


       at ../support/job-board.ts:15

      13 |   await expect.poll(() => new URL(jobBoardPage.page.url()).pathname).toBe(getJobBoardPath(locale));
      14 |   await expect(jobBoardPage.page.locator('html')).toHaveAttribute('lang', locale);
    > 15 |   await expect(jobBoardPage.heading).toBeVisible();
         |                                      ^
      16 |   await expect(jobBoardPage.searchInput).toBeVisible();
      17 |
      18 |   // Locale switcher is present but may be visually hidden on narrow viewports.
        at expectJobBoardReady (/Users/ryanbuckley/code/wev/e2e/support/job-board.ts:15:38)
        at loadEnglishJobBoard (/Users/ryanbuckley/code/wev/e2e/support/job-board.ts:24:3)
        at /Users/ryanbuckley/code/wev/e2e/tests/job-board.spec.ts:206:5

    attachment #1: screenshot (image/png) ──────────────────────────────────────────────────────────
    e2e/.output/job-board-Job-board-filters-by-organization-chromium/test-failed-1.png
    ────────────────────────────────────────────────────────────────────────────────────────────────

    attachment #2: video (video/webm) ──────────────────────────────────────────────────────────────
    e2e/.output/job-board-Job-board-filters-by-organization-chromium/video.webm
    ────────────────────────────────────────────────────────────────────────────────────────────────

    Error Context: e2e/.output/job-board-Job-board-filters-by-organization-chromium/error-context.md

  1 failed
    [chromium] › tests/job-board.spec.ts:205:7 › Job board › filters by organization ───────────────
  30 passed (1.2m)

To open last HTML report run:
[36m[39m
[36m  npx playwright show-report[39m
[36m[39m
